http://www.w3.org/2009/sparql/docs/tests/data-sparql11/aggregates/manifest#agg08b
http://www.w3.org/2009/sparql/docs/tests/data-sparql11/aggregates/manifest#agg-avg-02
http://www.w3.org/2009/sparql/docs/tests/data-sparql11/aggregates/manifest#agg-empty-group2
http://www.w3.org/2009/sparql/docs/tests/data-sparql11/aggregates/manifest#agg-groupconcat-02
http://www.w3.org/2009/sparql/docs/tests/data-sparql11/aggregates/manifest#agg-min-02
http://www.w3.org/2009/sparql/docs/tests/data-sparql11/aggregates/manifest#agg-sum-02
http://www.w3.org/2009/sparql/docs/tests/data-sparql11/bind/manifest#bind07
http://www.w3.org/2009/sparql/docs/tests/data-sparql11/csv-tsv-res/manifest#csv01
http://www.w3.org/2009/sparql/docs/tests/data-sparql11/csv-tsv-res/manifest#csv02
http://www.w3.org/2009/sparql/docs/tests/data-sparql11/csv-tsv-res/manifest#csv03
http://www.w3.org/2009/sparql/docs/tests/data-sparql11/csv-tsv-res/manifest#tsv03
http://www.w3.org/2009/sparql/docs/tests/data-sparql11/exists/manifest#exists01
http://www.w3.org/2009/sparql/docs/tests/data-sparql11/exists/manifest#exists02
http://www.w3.org/2009/sparql/docs/tests/data-sparql11/exists/manifest#exists03
http://www.w3.org/2009/sparql/docs/tests/data-sparql11/exists/manifest#exists04
http://www.w3.org/2009/sparql/docs/tests/data-sparql11/exists/manifest#exists05
http://www.w3.org/2009/sparql/docs/tests/data-sparql11/functions/manifest#ceil01
http://www.w3.org/2009/sparql/docs/tests/data-sparql11/functions/manifest#concat02
http://www.w3.org/2009/sparql/docs/tests/data-sparql11/functions/manifest#encode01
http://www.w3.org/2009/sparql/docs/tests/data-sparql11/functions/manifest#floor01
http://www.w3.org/2009/sparql/docs/tests/data-sparql11/functions/manifest#if01
http://www.w3.org/2009/sparql/docs/tests/data-sparql11/functions/manifest#iri01
http://www.w3.org/2009/sparql/docs/tests/data-sparql11/functions/manifest#lcase01
http://www.w3.org/2009/sparql/docs/tests/data-sparql11/functions/manifest#length01
http://www.w3.org/2009/sparql/docs/tests/data-sparql11/functions/manifest#plus-1
http://www.w3.org/2009/sparql/docs/tests/data-sparql11/functions/manifest#plus-2
http://www.w3.org/2009/sparql/docs/tests/data-sparql11/functions/manifest#replace01
http://www.w3.org/2009/sparql/docs/tests/data-sparql11/functions/manifest#replace03
http://www.w3.org/2009/sparql/docs/tests/data-sparql11/functions/manifest#round01
http://www.w3.org/2009/sparql/docs/tests/data-sparql11/functions/manifest#seconds
http://www.w3.org/2009/sparql/docs/tests/data-sparql11/functions/manifest#strafter01a
http://www.w3.org/2009/sparql/docs/tests/data-sparql11/functions/manifest#strafter02
http://www.w3.org/2009/sparql/docs/tests/data-sparql11/functions/manifest#strbefore01a
http://www.w3.org/2009/sparql/docs/tests/data-sparql11/functions/manifest#strbefore02
http://www.w3.org/2009/sparql/docs/tests/data-sparql11/functions/manifest#strdt03
http://www.w3.org/2009/sparql/docs/tests/data-sparql11/functions/manifest#strlang03
http://www.w3.org/2009/sparql/docs/tests/data-sparql11/functions/manifest#substring01
http://www.w3.org/2009/sparql/docs/tests/data-sparql11/functions/manifest#substring02
http://www.w3.org/2009/sparql/docs/tests/data-sparql11/functions/manifest#timezone
http://www.w3.org/2009/sparql/docs/tests/data-sparql11/functions/manifest#ucase01
http://www.w3.org/2009/sparql/docs/tests/data-sparql11/grouping/manifest#group04
http://www.w3.org/2009/sparql/docs/tests/data-sparql11/json-res/manifest#jsonres01
http://www.w3.org/2009/sparql/docs/tests/data-sparql11/json-res/manifest#jsonres02
http://www.w3.org/2009/sparql/docs/tests/data-sparql11/json-res/manifest#jsonres03
http://www.w3.org/2009/sparql/docs/tests/data-sparql11/json-res/manifest#jsonres04
http://www.w3.org/2009/sparql/docs/tests/data-sparql11/negation/manifest#exists-01
http://www.w3.org/2009/sparql/docs/tests/data-sparql11/negation/manifest#exists-02
http://www.w3.org/2009/sparql/docs/tests/data-sparql11/negation/manifest#full-minuend
http://www.w3.org/2009/sparql/docs/tests/data-sparql11/negation/manifest#partial-minuend
http://www.w3.org/2009/sparql/docs/tests/data-sparql11/negation/manifest#set-equals-1
http://www.w3.org/2009/sparql/docs/tests/data-sparql11/negation/manifest#subset-01
http://www.w3.org/2009/sparql/docs/tests/data-sparql11/negation/manifest#subset-02
http://www.w3.org/2009/sparql/docs/tests/data-sparql11/negation/manifest#subset-03
http://www.w3.org/2009/sparql/docs/tests/data-sparql11/negation/manifest#subset-by-exclusion-minus-1
http://www.w3.org/2009/sparql/docs/tests/data-sparql11/negation/manifest#subset-by-exclusion-nex-1
http://www.w3.org/2009/sparql/docs/tests/data-sparql11/negation/manifest#temporal-proximity-by-exclusion-nex-1
http://www.w3.org/2009/sparql/docs/tests/data-sparql11/property-path/manifest#pp01
http://www.w3.org/2009/sparql/docs/tests/data-sparql11/property-path/manifest#pp02
http://www.w3.org/2009/sparql/docs/tests/data-sparql11/property-path/manifest#pp03
http://www.w3.org/2009/sparql/docs/tests/data-sparql11/property-path/manifest#pp06
http://www.w3.org/2009/sparql/docs/tests/data-sparql11/property-path/manifest#pp07
http://www.w3.org/2009/sparql/docs/tests/data-sparql11/property-path/manifest#pp08
http://www.w3.org/2009/sparql/docs/tests/data-sparql11/property-path/manifest#pp09
http://www.w3.org/2009/sparql/docs/tests/data-sparql11/property-path/manifest#pp10
http://www.w3.org/2009/sparql/docs/tests/data-sparql11/property-path/manifest#pp11
http://www.w3.org/2009/sparql/docs/tests/data-sparql11/property-path/manifest#pp12
http://www.w3.org/2009/sparql/docs/tests/data-sparql11/property-path/manifest#pp14
http://www.w3.org/2009/sparql/docs/tests/data-sparql11/property-path/manifest#pp16
http://www.w3.org/2009/sparql/docs/tests/data-sparql11/property-path/manifest#pp21
http://www.w3.org/2009/sparql/docs/tests/data-sparql11/property-path/manifest#pp23
http://www.w3.org/2009/sparql/docs/tests/data-sparql11/property-path/manifest#pp25
http://www.w3.org/2009/sparql/docs/tests/data-sparql11/property-path/manifest#pp28a
http://www.w3.org/2009/sparql/docs/tests/data-sparql11/property-path/manifest#pp30
http://www.w3.org/2009/sparql/docs/tests/data-sparql11/property-path/manifest#pp31
http://www.w3.org/2009/sparql/docs/tests/data-sparql11/property-path/manifest#pp32
http://www.w3.org/2009/sparql/docs/tests/data-sparql11/property-path/manifest#pp33
http://www.w3.org/2009/sparql/docs/tests/data-sparql11/property-path/manifest#pp34
http://www.w3.org/2009/sparql/docs/tests/data-sparql11/property-path/manifest#pp35
http://www.w3.org/2009/sparql/docs/tests/data-sparql11/property-path/manifest#pp36
http://www.w3.org/2009/sparql/docs/tests/data-sparql11/property-path/manifest#pp37
http://www.w3.org/2009/sparql/docs/tests/data-sparql11/service-description/manifest#conforms-to-schema
http://www.w3.org/2009/sparql/docs/tests/data-sparql11/service-description/manifest#has-endpoint-triple
http://www.w3.org/2009/sparql/docs/tests/data-sparql11/service-description/manifest#returns-rdf
http://www.w3.org/2009/sparql/docs/tests/data-sparql11/service/manifest#service1
http://www.w3.org/2009/sparql/docs/tests/data-sparql11/service/manifest#service2
http://www.w3.org/2009/sparql/docs/tests/data-sparql11/service/manifest#service3
http://www.w3.org/2009/sparql/docs/tests/data-sparql11/service/manifest#service5
http://www.w3.org/2009/sparql/docs/tests/data-sparql11/service/manifest#service6
http://www.w3.org/2009/sparql/docs/tests/data-sparql11/service/manifest#service7
http://www.w3.org/2009/sparql/docs/tests/data-sparql11/subquery/manifest#subquery02
http://www.w3.org/2009/sparql/docs/tests/data-sparql11/subquery/manifest#subquery10
http://www.w3.org/2009/sparql/docs/tests/data-sparql11/syntax-query/manifest#test_24
http://www.w3.org/2009/sparql/docs/tests/data-sparql11/syntax-query/manifest#test_25
http://www.w3.org/2009/sparql/docs/tests/data-sparql11/syntax-query/manifest#test_26
http://www.w3.org/2009/sparql/docs/tests/data-sparql11/syntax-query/manifest#test_27
http://www.w3.org/2009/sparql/docs/tests/data-sparql11/syntax-query/manifest#test_28
http://www.w3.org/2009/sparql/docs/tests/data-sparql11/syntax-query/manifest#test_29
http://www.w3.org/2009/sparql/docs/tests/data-sparql11/syntax-query/manifest#test_35a
http://www.w3.org/2009/sparql/docs/tests/data-sparql11/syntax-query/manifest#test_36a
http://www.w3.org/2009/sparql/docs/tests/data-sparql11/syntax-query/manifest#test_53
http://www.w3.org/2009/sparql/docs/tests/data-sparql11/syntax-query/manifest#test_54
http://www.w3.org/2009/sparql/docs/tests/data-sparql11/syntax-query/manifest#test_63
http://www.w3.org/2009/sparql/docs/tests/data-sparql11/syntax-query/manifest#test_pn_04
http://www.w3.org/2009/sparql/docs/tests/data-sparql11/syntax-query/manifest#test_pn_05
http://www.w3.org/2009/sparql/docs/tests/data-sparql11/syntax-query/manifest#test_pn_06
http://www.w3.org/2009/sparql/docs/tests/data-sparql11/syntax-query/manifest#test_pn_07
http://www.w3.org/2009/sparql/docs/tests/data-sparql11/syntax-query/manifest#test_pn_09
http://www.w3.org/2009/sparql/docs/tests/data-sparql11/syntax-query/manifest#test_pp_coll
http://www.w3.org/2009/sparql/docs/tests/data-sparql11/syntax-update-1/manifest#test_25
http://www.w3.org/2009/sparql/docs/tests/data-sparql11/syntax-update-1/manifest#test_27
http://www.w3.org/2009/sparql/docs/tests/data-sparql11/syntax-update-1/manifest#test_28
http://www.w3.org/2009/sparql/docs/tests/data-sparql11/syntax-update-1/manifest#test_31
http://www.w3.org/2009/sparql/docs/tests/data-sparql11/syntax-update-1/manifest#test_32
http://www.w3.org/2009/sparql/docs/tests/data-sparql11/syntax-update-1/manifest#test_38
http://www.w3.org/2009/sparql/docs/tests/data-sparql11/syntax-update-1/manifest#test_39
http://www.w3.org/2009/sparql/docs/tests/data-sparql11/syntax-update-1/manifest#test_40
http://www.w3.org/2009/sparql/docs/tests/data-sparql11/syntax-update-1/manifest#test_53
